dataset.train.csv,RF,4,4,3,4,8,32,33,1,0.00898,140729924852032,0,0
